// Jest Snapshot v1, https://goo.gl/fbAQLP

exports[`snapshot of component rendered 1`] = `
<body>
  <div>
    <div
      class="box-operation"
    >
      <div
        class="box-operation__tabs tabs"
      >
        <ul
          class="tab-nav"
          data-tabs-nav=""
        >
          <li
            aria-label="swap"
            class="is_active"
            data-tab-id="swap"
          >
            <span>
              Swap
            </span>
          </li>
          <li
            aria-label="operate"
            class=""
            data-tab-id="operate"
          >
            <span>
              Operate
            </span>
          </li>
        </ul>
        <div
          class="tab-content"
        >
          <div
            class="tab-pane is_active"
          >
            <div
              class="tab-pane__content"
            >
              <div
                class="box-operation__content box-operation__content--swap"
              >
                <div
                  class="box-operation__exchange exchange"
                >
                  <div
                    class="exchange__form"
                  >
                    <div
                      class="exchange__row row align-end"
                    >
                      <div
                        class="exchange__column exchange__column--from"
                      >
                        <div
                          class="form-block "
                        >
                          <label
                            class="form-block__label"
                          >
                            <span>
                              From
                            </span>
                          </label>
                          <div
                            class="form-block__box"
                          >
                            <input
                              aria-label="input"
                              class="form-block__input form-control"
                              min="0"
                              name="tbtc"
                              placeholder="0.0"
                              step="0.001"
                              type="number"
                              value=""
                            />
                            <div
                              class="form-block__unit action-text"
                            >
                              MAX
                            </div>
                            <div
                              class="form-block__icon"
                            >
                              <svg
                                class="icon icon-man no-fill-transition"
                              >
                                <use
                                  xlink:href="icons.svg#icon-man"
                                />
                              </svg>
                            </div>
                          </div>
                        </div>
                      </div>
                      <div
                        class="tooltipster-base tooltipster-sidetip tooltipster-0 fff tooltipster-fade tooltipster-dying"
                        style="position: absolute; max-width: 0px; max-height: 0px; z-index: 9999999; top: 0px; left: 0px; animation-duration: 350ms; transition-duration: 350ms;"
                      >
                        <div
                          class="tooltipster-box"
                        >
                          <div
                            class="tooltipster-content"
                          />
                        </div>
                        <div
                          class="tooltipster-arrow"
                          style="left: 0px;"
                        >
                          <div
                            class="tooltipster-arrow-uncropped"
                          >
                            <div
                              class="tooltipster-arrow-border"
                            />
                            <div
                              class="tooltipster-arrow-background"
                            />
                          </div>
                        </div>
                      </div>
                      <div
                        class="exchange__column exchange__column--icon"
                      >
                        <div
                          class="exchange__icon"
                        >
                          <svg
                            class="icon icon-direction"
                          >
                            <use
                              xlink:href="icons.svg#icon-direction"
                            />
                          </svg>
                        </div>
                      </div>
                      <div
                        class="exchange__column exchange__column--to"
                      >
                        <div
                          class="form-block "
                        >
                          <label
                            class="form-block__label"
                          >
                            <span>
                              To
                            </span>
                          </label>
                          <div
                            class="form-block__box"
                          >
                            <input
                              aria-label="input"
                              class="form-block__input form-control"
                              min="0"
                              name="ln"
                              placeholder="0.0"
                              step="0.001"
                              type="number"
                              value=""
                            />
                            <div
                              class="form-block__icon"
                            >
                              <svg
                                class="icon icon-flash no-fill-transition"
                              >
                                <use
                                  xlink:href="icons.svg#icon-flash"
                                />
                              </svg>
                            </div>
                          </div>
                        </div>
                      </div>
                      <div
                        class="tooltipster-base tooltipster-sidetip tooltipster-0 fff tooltipster-fade tooltipster-dying"
                        style="position: absolute; max-width: 0px; max-height: 0px; z-index: 9999999; top: 0px; left: 0px; animation-duration: 350ms; transition-duration: 350ms;"
                      >
                        <div
                          class="tooltipster-box"
                        >
                          <div
                            class="tooltipster-content"
                          />
                        </div>
                        <div
                          class="tooltipster-arrow"
                          style="left: 0px;"
                        >
                          <div
                            class="tooltipster-arrow-uncropped"
                          >
                            <div
                              class="tooltipster-arrow-border"
                            />
                            <div
                              class="tooltipster-arrow-background"
                            />
                          </div>
                        </div>
                      </div>
                    </div>
                    <div
                      class="exchange__button"
                    >
                      <button
                        class="btn btn--full btn--secondary"
                      >
                        <span>
                          Connect wallet
                        </span>
                      </button>
                    </div>
                  </div>
                </div>
              </div>
            </div>
          </div>
        </div>
      </div>
    </div>
  </div>
</body>
`;
